# Publication execution log: main reproduction/inference
# Source: saved outputs from the revision notebook.
# Platform-specific paths/storage chatter removed; scientific run timing retained.
# Manuscript-reported primary metrics are listed below; pooled geometry diagnostics are labeled separately.

Hardware used for the saved run:
  CUDA available: True
  GPUs: 2 x Tesla T4
  CPU cores: 4

MANUSCRIPT-REPORTED PRIMARY METRICS
-----------------------------------
Node F1                         : 98.57%
Matched Node Box IoU (macro)   : 82.71%
Soft-clDice (macro)            : 96.72%
Endpoint L2 (macro)            : 3.77 px
Link F1                        : 92.49%
nSEE                           : 0.090
Loop-back recall               : 95.24%
Decision-branch recall         : 94.04%

ADDITIONAL CONDITIONAL GEOMETRY DIAGNOSTICS
-------------------------------------------
Matched-link coverage          : 94.94%
Valid-endpoint coverage        : 94.94%
Pooled matched-link Soft-clDice: 99.35%
Pooled endpoint L2 mean        : 3.44 px

RUN TRACE
---------
Resolved run mode: full_inference
Discovered 450 inference samples.
[worker 0] loading graph-evidence model on cuda:0
[asm-load] torch.load CPU start on cuda:0: <GRAPH_CHECKPOINT>
[worker 1] loading graph-evidence model on cuda:1
[asm-load] torch.load CPU start on cuda:1: <GRAPH_CHECKPOINT>
[asm-load] torch.load CPU done on cuda:0 in 0.50s
[asm-load] torch.load CPU done on cuda:1 in 0.50s
[asm-load] built DiagramUNet on CPU in 0.06s
[asm-load] built DiagramUNet on CPU in 0.06s
[asm-load] load_state_dict done on cuda:0 in 0.01s
[asm-load] load_state_dict done on cuda:1 in 0.01s
[asm-load] moved to cuda:0 in 0.44s; total=1.02s[asm-load] moved to cuda:1 in 0.44s; total=1.02s

[worker 1] loading plain ResNet34 node model on cuda:1
[worker 0] loading plain ResNet34 node model on cuda:0
[worker 0] 1/225 fa/test/writer018_fa_001.png
[worker 1] 1/225 fa/test/writer018_fa_002.png
[worker 0] completed in 13.59s
[worker 0] 2/225 fa/test/writer018_fa_003.png
[worker 1] completed in 16.51s
[worker 1] 2/225 fa/test/writer018_fa_004.png
[worker 0] completed in 9.35s
[worker 0] 3/225 fa/test/writer018_fa_005.png
[worker 1] completed in 7.90s
[worker 1] 3/225 fa/test/writer018_fa_006.png
[worker 1] completed in 17.29s
[worker 0] completed in 30.65s
[worker 1] 10/225 fa/test/writer019_fa_008.png
[worker 1] completed in 25.88s
[worker 0] 10/225 fa/test/writer019_fa_007.png
[worker 0] completed in 7.65s
[worker 1] 20/225 fa/test/writer021_fa_004.png
[worker 0] 20/225 fa/test/writer021_fa_003.png
[worker 1] completed in 5.43s
[worker 0] completed in 10.98s
[worker 1] 30/225 fa/test/writer022_fa_012.png
[worker 1] completed in 12.25s
[worker 0] 30/225 fa/test/writer022_fa_011.png
[worker 0] completed in 8.39s
[worker 1] 40/225 fa/test/writer024_fa_009.png
[worker 0] 40/225 fa/test/writer024_fa_008.png
[worker 1] completed in 21.78s
[worker 0] completed in 19.46s
[worker 1] 50/225 fca/test/writer12_1b.png
[worker 1] completed in 4.32s
[worker 0] 50/225 fca/test/writer12_14b.png
[worker 0] completed in 13.35s
[worker 1] 60/225 fca/test/writer15_9b.png
[worker 1] completed in 6.42s
[worker 0] 60/225 fca/test/writer15_8b.png
[worker 0] completed in 6.07s
[worker 1] 70/225 fca/test/writer17_2b.png
[worker 1] completed in 5.37s
[worker 0] 70/225 fca/test/writer17_1b.png
[worker 0] completed in 5.96s
[worker 1] 80/225 fca/test/writer18_8b.png
[worker 1] completed in 5.05s
[worker 0] 80/225 fca/test/writer18_7b.png
[worker 0] completed in 11.03s
[worker 1] 90/225 fca/test/writer26_13b.png
[worker 1] completed in 7.20s
[worker 0] 90/225 fca/test/writer26_12b.png
[worker 0] completed in 9.97s
[worker 1] 100/225 fca/test/writer28_6b.png
[worker 1] completed in 5.48s
[worker 0] 100/225 fca/test/writer28_4b.png
[worker 0] completed in 5.84s
[worker 1] 110/225 fca/test/writer32_12b.png
[worker 1] completed in 5.66s
[worker 0] 110/225 fca/test/writer32_11b.png
[worker 0] completed in 2.06s
[worker 1] 120/225 fca/test/writer5_8b.png
[worker 1] completed in 6.66s
[worker 0] 120/225 fca/test/writer5_6b.png
[worker 0] completed in 8.29s
[worker 1] 130/225 fcb/test/writer017_fc_003b.png
[worker 1] completed in 2.44s
[worker 0] 130/225 fcb/test/writer017_fc_003.png
[worker 0] completed in 3.80s
[worker 1] 140/225 fcb/test/writer017_fc_019.png
[worker 1] completed in 3.02s
[worker 0] 140/225 fcb/test/writer017_fc_018.png
[worker 0] completed in 6.33s
[worker 1] 150/225 fcb/test/writer018_fc_012b.png
[worker 1] completed in 5.78s
[worker 0] 150/225 fcb/test/writer018_fc_012.png
[worker 0] completed in 4.94s
[worker 1] 160/225 fcb/test/writer019_fc_008b.png
[worker 1] completed in 4.79s
[worker 0] 160/225 fcb/test/writer019_fc_008.png
[worker 0] completed in 4.48s
[worker 1] 170/225 fcb/test/writer020_fc_001b.png
[worker 1] completed in 5.41s
[worker 0] 170/225 fcb/test/writer020_fc_001.png
[worker 0] completed in 5.93s
[worker 1] 180/225 fcb/test/writer020_fc_015b.png
[worker 1] completed in 3.86s
[worker 0] 180/225 fcb/test/writer020_fc_015.png
[worker 0] completed in 4.03s
[worker 1] 190/225 fcb/test/writer021_fc_010b.png
[worker 1] completed in 3.06s
[worker 0] 190/225 fcb/test/writer021_fc_010.png
[worker 0] completed in 4.15s
[worker 1] 200/225 fcb/test/writer022_fc_003b.png
[worker 1] completed in 1.44s
[worker 0] 200/225 fcb/test/writer022_fc_003.png
[worker 0] completed in 1.95s
[worker 1] 210/225 fcb/test/writer022_fc_019.png
[worker 1] completed in 4.72s
[worker 0] 210/225 fcb/test/writer022_fc_018.png
[worker 0] completed in 7.11s
[worker 1] 220/225 fcb/test/writer023_fc_012b.png
[worker 1] completed in 6.29s
[worker 0] 220/225 fcb/test/writer023_fc_012.png
[worker 0] completed in 2.53s

Completed 450 samples in 27.68 minutes.
Compressed predictions archive written successfully.
Removed uncompressed prediction folder after successful ZIP creation.
